d:\kods\c++\gameengine\gameengine\x64\debug\vc143.pdb
d:\kods\c++\gameengine\gameengine\x64\debug\vc143.idb
d:\kods\c++\gameengine\gameengine\x64\debug\scene.obj
d:\kods\c++\gameengine\gameengine\x64\debug\texture.obj
d:\kods\c++\gameengine\gameengine\x64\debug\spriterenderer.obj
d:\kods\c++\gameengine\gameengine\x64\debug\shader.obj
d:\kods\c++\gameengine\gameengine\x64\debug\resourcemanager.obj
d:\kods\c++\gameengine\gameengine\x64\debug\main.obj
d:\kods\c++\gameengine\gameengine\x64\debug\gameobject.obj
d:\kods\c++\gameengine\gameengine\x64\debug\engineproperties.obj
d:\kods\c++\gameengine\gameengine\x64\debug\area2d.obj
d:\kods\c++\gameengine\gameengine\x64\debug\textrenderer.obj
d:\kods\c++\gameengine\gameengine\x64\debug\mainscene.obj
d:\kods\c++\gameengine\gameengine\x64\debug\glad.obj
d:\kods\c++\gameengine\x64\debug\gameengine.exe
d:\kods\c++\gameengine\x64\debug\gameengine.pdb
d:\kods\c++\gameengine\gameengine\x64\debug\gameengine.ilk
d:\kods\c++\gameengine\gameengine\x64\debug\gameengine.tlog\cl.command.1.tlog
d:\kods\c++\gameengine\gameengine\x64\debug\gameengine.tlog\cl.items.tlog
d:\kods\c++\gameengine\gameengine\x64\debug\gameengine.tlog\cl.read.1.tlog
d:\kods\c++\gameengine\gameengine\x64\debug\gameengine.tlog\cl.write.1.tlog
d:\kods\c++\gameengine\gameengine\x64\debug\gameengine.tlog\link.command.1.tlog
d:\kods\c++\gameengine\gameengine\x64\debug\gameengine.tlog\link.read.1.tlog
d:\kods\c++\gameengine\gameengine\x64\debug\gameengine.tlog\link.secondary.1.tlog
d:\kods\c++\gameengine\gameengine\x64\debug\gameengine.tlog\link.write.1.tlog
